Microchip MPLAB XC8 Compiler V2.32

Linker command line:

-W-3 --edf=C:\Program Files\Microchip\xc8\v2.32\pic\dat\en_msgs.txt -cn \
  -h+dist/default/production\DiceRoller.X.production.sym \
  --cmf=dist/default/production\DiceRoller.X.production.cmf -z -Q16F687 \
  -oC:\Users\User\AppData\Local\Temp\xcAs8jk.4 --defsym=__MPLAB_BUILD=1 \
  -Mdist/default/production/DiceRoller.X.production.map -E1 \
  -ver=XC8 Compiler --acfsm=1493 -ASTACK=04Ah-06Fh -pstack=STACK \
  -ACODE=00h-07FFh -ASTRCODE=00h-07FFh -ASTRING=00h-0FFhx8 \
  -ACONST=00h-0FFhx8 -AENTRY=00h-0FFhx8 -ACOMMON=070h-07Fh \
  -ABANK0=020h-06Fh -ABANK1=0A0h-0BFh -ARAM=020h-06Fh,0A0h-0BFh \
  -AABS1=020h-07Fh,0A0h-0BFh -ASFR0=00h-01Fh -ASFR1=080h-09Fh \
  -ASFR2=0100h-016Fh -ASFR3=0180h-01EFh -ACONFIG=02007h-02007h -DCONFIG=2 \
  -AIDLOC=02000h-02003h -DIDLOC=2 -AEEDATA=00h-0FFh/02100h \
  -peeprom_data=EEDATA -DEEDATA=2 -DCODE=2 -DSTRCODE=2 -DSTRING=2 -DCONST=2 \
  -DENTRY=2 -preset_vec=00h,intentry=04h,init,end_init -ppowerup=CODE \
  -pcinit=CODE -pfunctab=ENTRY -k \
  C:\Users\User\AppData\Local\Temp\xcAs8jk.o \
  dist/default/production\DiceRoller.X.production.o 

Object code version is 3.11

Machine type is 16F687



                Name                               Link     Load   Length Selector   Space Scale
C:\Users\User\AppData\Local\Temp\xcAs8jk.o
                end_init                             10       10        1        8       0
                reset_vec                             0        0        1        0       0
                config                             2007     2007        1        0       4
dist/default/production\DiceRoller.X.production.o
                cinit                                11       11        A        8       0
                intentry                              4        4        C        8       0
                config                             2007     2007        1        0       4
                text10                              318      318       54        8       0
                text9                               142      142       81        8       0
                text8                               1C3      1C3       7E        8       0
                text7                               41C      41C       15        8       0
                text6                               241      241       7A        8       0
                text5                               36C      36C       3C        8       0
                text4                               3A8      3A8       2F        8       0
                text3                               2BB      2BB       5D        8       0
                text2                               405      405       17        8       0
                text1                                1B       1B      127        8       0
                maintext                            3D7      3D7       2E        8       0
                cstackBANK0                          20       20       23       20       1
                cstackCOMMON                         70       70        E       70       1
                bssBANK0                             43       43        6       20       1
                nvBANK0                              49       49        1       20       1

TOTAL           Name                               Link     Load   Length     Space
        CLASS   STACK          

        CLASS   CODE           
                end_init                             10       10        1         0
                cinit                                11       11        A         0
                intentry                              4        4        C         0
                reset_vec                             0        0        1         0
                text10                              318      318       54         0
                text9                               142      142       81         0
                text8                               1C3      1C3       7E         0
                text7                               41C      41C       15         0
                text6                               241      241       7A         0
                text5                               36C      36C       3C         0
                text4                               3A8      3A8       2F         0
                text3                               2BB      2BB       5D         0
                text2                               405      405       17         0
                text1                                1B       1B      127         0
                maintext                            3D7      3D7       2E         0

        CLASS   STRCODE        

        CLASS   STRING         

        CLASS   CONST          

        CLASS   ENTRY          

        CLASS   COMMON         
                cstackCOMMON                         70       70        E         1

        CLASS   BANK0          
                cstackBANK0                          20       20       23         1
                bssBANK0                             43       43        6         1
                nvBANK0                              49       49        1         1

        CLASS   BANK1          

        CLASS   RAM            

        CLASS   ABS1           
                abs_s1                               7E       7E        2         1

        CLASS   SFR0           

        CLASS   SFR1           

        CLASS   SFR2           

        CLASS   SFR3           

        CLASS   CONFIG         
                config                             2007     2007        1         4

        CLASS   IDLOC          

        CLASS   EEDATA         

        CLASS   BANK3          

        CLASS   BANK2          



SEGMENTS        Name                           Load    Length   Top    Selector   Space  Class     Delta

                reset_vec                      000000  000001  000001         0       0  CODE        2
                intentry                       000004  00042D  000431         8       0  CODE        2
                cstackBANK0                    000020  00002A  00004A        20       1  BANK0       1
                cstackCOMMON                   000070  00000E  00007E        70       1  COMMON      1


UNUSED ADDRESS RANGES

        Name                Unused          Largest block    Delta
        BANK0            004A-006F             26           1
        BANK1            00A0-00BF             20           1
        CODE             0001-0003              3           2
                         0431-07FF            3CF
        CONST            0001-0003              3           2
                         0431-07FF            100
        EEDATA           2100-21FF            100           2
        ENTRY            0001-0003              3           2
                         0431-07FF            100
        IDLOC            2000-2003              4           2
        RAM              004A-006F             26           1
                         00A0-00BF             20
        SFR0             0000-001F             20           1
        SFR1             0080-009F             20           1
        SFR2             0100-016F             70           1
        SFR3             0180-01EF             70           1
        STACK            004A-006F             26           1
        STRCODE          0001-0003              3           2
                         0431-07FF            3CF
        STRING           0001-0003              3           2
                         0431-07FF            100

                                  Symbol Table

?___llmod                      cstackCOMMON 0070
_Display7seg4digitsVetor       nvBANK0      0049
_GIE                           (abs)        005F
_INTE                          (abs)        005C
_OPTION_REG                    (abs)        0081
_OSCCON                        (abs)        008F
_PEIE                          (abs)        005E
_PORTA                         (abs)        0005
_PORTB                         (abs)        0006
_PORTC                         (abs)        0007
_T0IE                          (abs)        005D
_T0IF                          (abs)        005A
_TMR0                          (abs)        0001
_TRISA                         (abs)        0085
_TRISB                         (abs)        0086
_TRISC                         (abs)        0087
__Habs1                        abs1         0000
__Hbank0                       bank0        0000
__Hbank1                       bank1        0000
__Hbank2                       bank2        0000
__Hbank3                       bank3        0000
__HbssBANK0                    bssBANK0     0000
__Hcinit                       cinit        001B
__Hclrtext                     clrtext      0000
__Hcode                        code         0000
__Hcommon                      common       0000
__Hconfig                      config       2008
__HcstackBANK0                 cstackBANK0  0000
__HcstackCOMMON                cstackCOMMON 0000
__Heeprom_data                 eeprom_data  0000
__Hend_init                    end_init     0011
__Hfunctab                     functab      0000
__Hinit                        init         0010
__Hintentry                    intentry     0010
__Hmaintext                    maintext     0000
__HnvBANK0                     nvBANK0      0000
__Hpowerup                     powerup      0000
__Hram                         ram          0000
__Hreset_vec                   reset_vec    0001
__Hsfr0                        sfr0         0000
__Hsfr1                        sfr1         0000
__Hsfr2                        sfr2         0000
__Hsfr3                        sfr3         0000
__Hspace_0                     (abs)        0431
__Hspace_1                     (abs)        007E
__Hspace_2                     (abs)        0000
__Hspace_3                     (abs)        0000
__Hspace_4                     (abs)        400F
__Hstack                       stack        0000
__Hstrings                     strings      0000
__Htext                        text         0000
__Labs1                        abs1         0000
__Lbank0                       bank0        0000
__Lbank1                       bank1        0000
__Lbank2                       bank2        0000
__Lbank3                       bank3        0000
__LbssBANK0                    bssBANK0     0000
__Lcinit                       cinit        0011
__Lclrtext                     clrtext      0000
__Lcode                        code         0000
__Lcommon                      common       0000
__Lconfig                      config       0000
__LcstackBANK0                 cstackBANK0  0000
__LcstackCOMMON                cstackCOMMON 0000
__Leeprom_data                 eeprom_data  0000
__Lend_init                    end_init     0010
__Lfunctab                     functab      0000
__Linit                        init         0010
__Lintentry                    intentry     0004
__Lmaintext                    maintext     0000
__LnvBANK0                     nvBANK0      0000
__Lpowerup                     powerup      0000
__Lram                         ram          0000
__Lreset_vec                   reset_vec    0000
__Lsfr0                        sfr0         0000
__Lsfr1                        sfr1         0000
__Lsfr2                        sfr2         0000
__Lsfr3                        sfr3         0000
__Lspace_0                     (abs)        0000
__Lspace_1                     (abs)        0000
__Lspace_2                     (abs)        0000
__Lspace_3                     (abs)        0000
__Lspace_4                     (abs)        0000
__Lstack                       stack        0000
__Lstrings                     strings      0000
__Ltext                        text         0000
__S0                           (abs)        0431
__S1                           (abs)        007E
__S2                           (abs)        0000
__S3                           (abs)        0000
___bmul                        text2        0405
___bmul@multiplicand           cstackBANK0  0024
___bmul@multiplier             cstackBANK0  0027
___bmul@product                cstackBANK0  0026
___int_sp                      stack        0000
___latbits                     (abs)        0000
___llmod                       text10       0318
___llmod@counter               cstackCOMMON 0079
___llmod@dividend              cstackCOMMON 0074
___llmod@divisor               cstackCOMMON 0070
___sp                          stack        0000
___stackhi                     (abs)        0000
___stacklo                     (abs)        0000
__end_of___bmul                text2        041C
__end_of___llmod               text10       036C
__end_of__initialization       cinit        0019
__end_of_clearPin              text9        01C3
__end_of_configBoard           text4        03D7
__end_of_initDisplay           text3        0318
__end_of_main                  maintext     0405
__end_of_my_isr_routine        text5        03A8
__end_of_setPin                text8        0241
__end_of_shiftDisplays         text6        02BB
__end_of_writeCharOnDisplay    text1        0142
__end_ofi1___bmul              text7        0431
__initialization               cinit        0011
__pbssBANK0                    bssBANK0     0043
__pcstackBANK0                 cstackBANK0  0020
__pcstackCOMMON                cstackCOMMON 0070
__pintentry                    intentry     0004
__pmaintext                    maintext     03D7
__pnvBANK0                     nvBANK0      0049
__ptext1                       text1        001B
__ptext10                      text10       0318
__ptext2                       text2        0405
__ptext3                       text3        02BB
__ptext4                       text4        03A8
__ptext5                       text5        036C
__ptext6                       text6        0241
__ptext7                       text7        041C
__ptext8                       text8        01C3
__ptext9                       text9        0142
__size_of___bmul               (abs)        0000
__size_of___llmod              (abs)        0000
__size_of_clearPin             (abs)        0000
__size_of_configBoard          (abs)        0000
__size_of_initDisplay          (abs)        0000
__size_of_main                 (abs)        0000
__size_of_my_isr_routine       (abs)        0000
__size_of_setPin               (abs)        0000
__size_of_shiftDisplays        (abs)        0000
__size_of_writeCharOnDisplay   (abs)        0000
__size_ofi1___bmul             (abs)        0000
_clearPin                      text9        0142
_configBoard                   text4        03A8
_indiceDisplay                 bssBANK0     0047
_initDisplay                   text3        02BB
_main                          maintext     03D7
_my_isr_routine                text5        036C
_setPin                        text8        01C3
_shiftDisplays                 text6        0241
_uiCounterms                   bssBANK0     0043
_writeCharOnDisplay            text1        001B
btemp                          (abs)        007E
clearPin@iPin                  cstackCOMMON 0074
clearPin@iPort                 cstackCOMMON 0076
end_of_initialization          cinit        0019
i1___bmul                      text7        041C
i1___bmul@multiplicand         cstackCOMMON 0070
i1___bmul@multiplier           cstackCOMMON 0073
i1___bmul@product              cstackCOMMON 0072
interrupt_function             intentry     0004
intlevel0                      functab      0000
intlevel1                      functab      0000
intlevel2                      functab      0000
intlevel3                      functab      0000
intlevel4                      functab      0000
intlevel5                      functab      0000
main@display7seg               cstackBANK0  002F
reset_vec                      reset_vec    0000
saved_w                        (abs)        007E
setPin@iPin                    cstackCOMMON 0074
setPin@iPort                   cstackCOMMON 0076
start                          init         0010
start_initialization           cinit        0011
writeCharOnDisplay@chCharacter cstackBANK0  002D
writeCharOnDisplay@iDisplay    cstackBANK0  0028
wtemp0                         (abs)        007E


MODULE INFORMATION

Module		Function		Class		Link	Load	Size
C:\Program Files\Microchip\xc8\v2.32\pic\sources\c90\common\Umul8.c
		___bmul        		CODE           	0405	0000	23

C:\Program Files\Microchip\xc8\v2.32\pic\sources\c90\common\Umul8.c estimated size: 23

C:\Program Files\Microchip\xc8\v2.32\pic\sources\c90\common\llmod.c
		___llmod       		CODE           	0318	0000	84

C:\Program Files\Microchip\xc8\v2.32\pic\sources\c90\common\llmod.c estimated size: 84

shared
		__initialization		CODE           	0011	0000	8
		i1___bmul      		CODE           	041C	0000	21

shared estimated size: 29

utils.c
		_initDisplay   		CODE           	02BB	0000	93
		_writeCharOnDisplay		CODE           	001B	0000	295
		_setPin        		CODE           	01C3	0000	126
		_clearPin      		CODE           	0142	0000	129
		_shiftDisplays 		CODE           	0241	0000	122

utils.c estimated size: 765

main.c
		_main          		CODE           	03D7	0000	46
		_my_isr_routine		CODE           	036C	0000	60
		_configBoard   		CODE           	03A8	0000	47

main.c estimated size: 153

