Microchip MPLAB XC8 Compiler V2.32

Linker command line:

-W-3 --edf=C:\Program Files\Microchip\xc8\v2.32\pic\dat\en_msgs.txt -cn \
  -h+dist/default/production\DiceRoller.X.production.sym \
  --cmf=dist/default/production\DiceRoller.X.production.cmf -z -Q16F687 \
  -oC:\Users\User\AppData\Local\Temp\xcAs83c.4 --defsym=__MPLAB_BUILD=1 \
  -Mdist/default/production/DiceRoller.X.production.map -E1 \
  -ver=XC8 Compiler --acfsm=1493 -ASTACK=0ABh-0BFh -pstack=STACK \
  -ACODE=00h-07FFh -ASTRCODE=00h-07FFh -ASTRING=00h-0FFhx8 \
  -ACONST=00h-0FFhx8 -AENTRY=00h-0FFhx8 -ACOMMON=070h-07Fh \
  -ABANK0=020h-06Fh -ABANK1=0A0h-0BFh -ARAM=020h-06Fh,0A0h-0BFh \
  -AABS1=020h-07Fh,0A0h-0BFh -ASFR0=00h-01Fh -ASFR1=080h-09Fh \
  -ASFR2=0100h-016Fh -ASFR3=0180h-01EFh -ACONFIG=02007h-02007h -DCONFIG=2 \
  -AIDLOC=02000h-02003h -DIDLOC=2 -AEEDATA=00h-0FFh/02100h \
  -peeprom_data=EEDATA -DEEDATA=2 -DCODE=2 -DSTRCODE=2 -DSTRING=2 -DCONST=2 \
  -DENTRY=2 -preset_vec=00h,intentry=04h,init,end_init -ppowerup=CODE \
  -pcinit=CODE -pfunctab=ENTRY -k \
  C:\Users\User\AppData\Local\Temp\xcAs83c.o \
  dist/default/production\DiceRoller.X.production.o 

Object code version is 3.11

Machine type is 16F687



                Name                               Link     Load   Length Selector   Space Scale
C:\Users\User\AppData\Local\Temp\xcAs83c.o
                end_init                              A        A        1        8       0
                reset_vec                             0        0        1        0       0
                config                             2007     2007        1        0       4
dist/default/production\DiceRoller.X.production.o
                cinit                                 B        B       1F        8       0
                intentry                              4        4        6        8       0
                config                             2007     2007        1        0       4
                text17                              374      374       90        8       0
                text16                              644      644       45        8       0
                text15                              404      404       69        8       0
                text14                              46D      46D       5B        8       0
                text13                              5B9      5B9       46        8       0
                text12                              6CB      6CB       3C        8       0
                text11                              4C8      4C8       56        8       0
                text10                              571      571       48        8       0
                text9                               51E      51E       53        8       0
                text8                               231      231       A9        8       0
                text7                               2DA      2DA       9A        8       0
                text6                                2A       2A      109        8       0
                text5                               73C      73C       28        8       0
                text4                               764      764       23        8       0
                text3                               5FF      5FF       45        8       0
                text2                               689      689       42        8       0
                text1                               707      707       35        8       0
                maintext                            133      133       FE        8       0
                cstackBANK0                          20       20       38       20       1
                cstackCOMMON                         76       76        6       70       1
                cstackBANK1                          AA       AA        1       A0       1
                clrtext                             78F      78F        8        8       0
                bssBANK1                             A0       A0        A       A0       1
                dataBANK0                            68       68        8       20       1
                bssBANK0                             58       58       10       20       1
                bssCOMMON                            70       70        6       70       1
                idataBANK0                          787      787        8        8       0

TOTAL           Name                               Link     Load   Length     Space
        CLASS   STACK          

        CLASS   CODE           
                end_init                              A        A        1         0
                cinit                                 B        B       1F         0
                intentry                              4        4        6         0
                reset_vec                             0        0        1         0
                text17                              374      374       90         0
                text16                              644      644       45         0
                text15                              404      404       69         0
                text14                              46D      46D       5B         0
                text13                              5B9      5B9       46         0
                text12                              6CB      6CB       3C         0
                text11                              4C8      4C8       56         0
                text10                              571      571       48         0
                text9                               51E      51E       53         0
                text8                               231      231       A9         0
                text7                               2DA      2DA       9A         0
                text6                                2A       2A      109         0
                text5                               73C      73C       28         0
                text4                               764      764       23         0
                text3                               5FF      5FF       45         0
                text2                               689      689       42         0
                text1                               707      707       35         0
                maintext                            133      133       FE         0
                clrtext                             78F      78F        8         0
                idataBANK0                          787      787        8         0

        CLASS   STRCODE        

        CLASS   STRING         

        CLASS   CONST          

        CLASS   ENTRY          

        CLASS   COMMON         
                cstackCOMMON                         76       76        6         1
                bssCOMMON                            70       70        6         1

        CLASS   BANK0          
                cstackBANK0                          20       20       38         1
                dataBANK0                            68       68        8         1
                bssBANK0                             58       58       10         1

        CLASS   BANK1          
                cstackBANK1                          AA       AA        1         1
                bssBANK1                             A0       A0        A         1

        CLASS   RAM            

        CLASS   ABS1           
                abs_s1                               7E       7E        2         1

        CLASS   SFR0           

        CLASS   SFR1           

        CLASS   SFR2           

        CLASS   SFR3           

        CLASS   CONFIG         
                config                             2007     2007        1         4

        CLASS   IDLOC          

        CLASS   EEDATA         

        CLASS   BANK3          

        CLASS   BANK2          



SEGMENTS        Name                           Load    Length   Top    Selector   Space  Class     Delta

                reset_vec                      000000  000001  000001         0       0  CODE        2
                intentry                       000004  000793  000797         8       0  CODE        2
                cstackBANK0                    000020  000050  000070        20       1  BANK0       1
                bssCOMMON                      000070  00000C  00007C        70       1  COMMON      1
                bssBANK1                       0000A0  00000B  0000AB        A0       1  BANK1       1


UNUSED ADDRESS RANGES

        Name                Unused          Largest block    Delta
        BANK1            00AB-00BF             15           1
        CODE             0001-0003              3           2
                         0797-07FF             69
        COMMON           007C-007D              2           1
        CONST            0001-0003              3           2
                         0797-07FF             69
        EEDATA           2100-21FF            100           2
        ENTRY            0001-0003              3           2
                         0797-07FF             69
        IDLOC            2000-2003              4           2
        RAM              00AB-00BF             15           1
        SFR0             0000-001F             20           1
        SFR1             0080-009F             20           1
        SFR2             0100-016F             70           1
        SFR3             0180-01EF             70           1
        STACK            00AB-00BF             15           1
        STRCODE          0001-0003              3           2
                         0797-07FF             69
        STRING           0001-0003              3           2
                         0797-07FF             69

                                  Symbol Table

?___awdiv                      cstackBANK0  0020
?___awmod                      cstackBANK0  0020
?___llmod                      cstackBANK0  002D
?___lmul                       cstackBANK0  0020
?___lwdiv                      cstackBANK0  0020
?___lwmod                      cstackBANK0  003F
?_randomNumber                 cstackBANK0  0037
_ANSEL                         (abs)        011E
_Botoes                        bssBANK1     00A0
_Display7seg4digitsVetor       bssBANK0     0058
_GIE                           (abs)        005F
_IOCA                          (abs)        0096
_OSCCON                        (abs)        008F
_PEIE                          (abs)        005E
_PORTA                         (abs)        0005
_PORTB                         (abs)        0006
_PORTC                         (abs)        0007
_PS0                           (abs)        0408
_PS1                           (abs)        0409
_PS2                           (abs)        040A
_PSA                           (abs)        040B
_RABIE                         (abs)        005B
_RABIF                         (abs)        0058
_T0CS                          (abs)        040D
_T0IE                          (abs)        005D
_T0IF                          (abs)        005A
_TMR0                          (abs)        0001
_TRISA                         (abs)        0085
_TRISB                         (abs)        0086
_TRISC                         (abs)        0087
_WPUA                          (abs)        0095
__Habs1                        abs1         0000
__Hbank0                       bank0        0000
__Hbank1                       bank1        0000
__Hbank2                       bank2        0000
__Hbank3                       bank3        0000
__HbssBANK0                    bssBANK0     0000
__HbssBANK1                    bssBANK1     0000
__HbssCOMMON                   bssCOMMON    0000
__Hcinit                       cinit        002A
__Hclrtext                     clrtext      0000
__Hcode                        code         0000
__Hcommon                      common       0000
__Hconfig                      config       2008
__HcstackBANK0                 cstackBANK0  0000
__HcstackBANK1                 cstackBANK1  0000
__HcstackCOMMON                cstackCOMMON 0000
__HdataBANK0                   dataBANK0    0000
__Heeprom_data                 eeprom_data  0000
__Hend_init                    end_init     000B
__Hfunctab                     functab      0000
__HidataBANK0                  idataBANK0   0000
__Hinit                        init         000A
__Hintentry                    intentry     000A
__Hmaintext                    maintext     0000
__Hpowerup                     powerup      0000
__Hram                         ram          0000
__Hreset_vec                   reset_vec    0001
__Hsfr0                        sfr0         0000
__Hsfr1                        sfr1         0000
__Hsfr2                        sfr2         0000
__Hsfr3                        sfr3         0000
__Hspace_0                     (abs)        0797
__Hspace_1                     (abs)        00AB
__Hspace_2                     (abs)        0000
__Hspace_3                     (abs)        0000
__Hspace_4                     (abs)        400F
__Hstack                       stack        0000
__Hstrings                     strings      0000
__Htext                        text         0000
__Labs1                        abs1         0000
__Lbank0                       bank0        0000
__Lbank1                       bank1        0000
__Lbank2                       bank2        0000
__Lbank3                       bank3        0000
__LbssBANK0                    bssBANK0     0000
__LbssBANK1                    bssBANK1     0000
__LbssCOMMON                   bssCOMMON    0000
__Lcinit                       cinit        000B
__Lclrtext                     clrtext      0000
__Lcode                        code         0000
__Lcommon                      common       0000
__Lconfig                      config       0000
__LcstackBANK0                 cstackBANK0  0000
__LcstackBANK1                 cstackBANK1  0000
__LcstackCOMMON                cstackCOMMON 0000
__LdataBANK0                   dataBANK0    0000
__Leeprom_data                 eeprom_data  0000
__Lend_init                    end_init     000A
__Lfunctab                     functab      0000
__LidataBANK0                  idataBANK0   0000
__Linit                        init         000A
__Lintentry                    intentry     0004
__Lmaintext                    maintext     0000
__Lpowerup                     powerup      0000
__Lram                         ram          0000
__Lreset_vec                   reset_vec    0000
__Lsfr0                        sfr0         0000
__Lsfr1                        sfr1         0000
__Lsfr2                        sfr2         0000
__Lsfr3                        sfr3         0000
__Lspace_0                     (abs)        0000
__Lspace_1                     (abs)        0000
__Lspace_2                     (abs)        0000
__Lspace_3                     (abs)        0000
__Lspace_4                     (abs)        0000
__Lstack                       stack        0000
__Lstrings                     strings      0000
__Ltext                        text         0000
__S0                           (abs)        0797
__S1                           (abs)        00AB
__S2                           (abs)        0000
__S3                           (abs)        0000
___awdiv                       text15       0404
___awdiv@counter               cstackBANK0  0025
___awdiv@dividend              cstackBANK0  0022
___awdiv@divisor               cstackBANK0  0020
___awdiv@quotient              cstackBANK0  0027
___awdiv@sign                  cstackBANK0  0026
___awmod                       text14       046D
___awmod@counter               cstackBANK0  0025
___awmod@dividend              cstackBANK0  0022
___awmod@divisor               cstackBANK0  0020
___awmod@sign                  cstackBANK0  0026
___int_sp                      stack        0000
___latbits                     (abs)        0000
___llmod                       text11       04C8
___llmod@counter               cstackBANK0  0036
___llmod@dividend              cstackBANK0  0031
___llmod@divisor               cstackBANK0  002D
___lmul                        text10       0571
___lmul@multiplicand           cstackBANK0  0024
___lmul@multiplier             cstackBANK0  0020
___lmul@product                cstackBANK0  0029
___lwdiv                       text13       05B9
___lwdiv@counter               cstackBANK0  0025
___lwdiv@dividend              cstackBANK0  0022
___lwdiv@divisor               cstackBANK0  0020
___lwdiv@quotient              cstackBANK0  0026
___lwmod                       text12       06CB
___lwmod@counter               cstackBANK0  0044
___lwmod@dividend              cstackBANK0  0041
___lwmod@divisor               cstackBANK0  003F
___sp                          stack        0000
___stackhi                     (abs)        0000
___stacklo                     (abs)        0000
__end_of___awdiv               text15       046D
__end_of___awmod               text14       04C8
__end_of___llmod               text11       051E
__end_of___lmul                text10       05B9
__end_of___lwdiv               text13       05FF
__end_of___lwmod               text12       0707
__end_of__initialization       cinit        0028
__end_of_clearPin              text3        0644
__end_of_configBoard           text16       0689
__end_of_deviceStateMachine    text6        0133
__end_of_initButtons           text5        0764
__end_of_initDisplay           text4        0787
__end_of_main                  maintext     0231
__end_of_my_isr_routine        text17       0404
__end_of_randomNumber          text9        0571
__end_of_rollDice              text7        0374
__end_of_setPin                text2        06CB
__end_of_shiftDisplays         text1        073C
__end_of_writeCharOnDisplay    text8        02DA
__initialization               cinit        000B
__pbssBANK0                    bssBANK0     0058
__pbssBANK1                    bssBANK1     00A0
__pbssCOMMON                   bssCOMMON    0070
__pcstackBANK0                 cstackBANK0  0020
__pcstackBANK1                 cstackBANK1  00AA
__pcstackCOMMON                cstackCOMMON 0076
__pdataBANK0                   dataBANK0    0068
__pidataBANK0                  idataBANK0   0787
__pintentry                    intentry     0004
__pmaintext                    maintext     0133
__ptext1                       text1        0707
__ptext10                      text10       0571
__ptext11                      text11       04C8
__ptext12                      text12       06CB
__ptext13                      text13       05B9
__ptext14                      text14       046D
__ptext15                      text15       0404
__ptext16                      text16       0644
__ptext17                      text17       0374
__ptext2                       text2        0689
__ptext3                       text3        05FF
__ptext4                       text4        0764
__ptext5                       text5        073C
__ptext6                       text6        002A
__ptext7                       text7        02DA
__ptext8                       text8        0231
__ptext9                       text9        051E
__size_of___awdiv              (abs)        0000
__size_of___awmod              (abs)        0000
__size_of___llmod              (abs)        0000
__size_of___lmul               (abs)        0000
__size_of___lwdiv              (abs)        0000
__size_of___lwmod              (abs)        0000
__size_of_clearPin             (abs)        0000
__size_of_configBoard          (abs)        0000
__size_of_deviceStateMachine   (abs)        0000
__size_of_initButtons          (abs)        0000
__size_of_initDisplay          (abs)        0000
__size_of_main                 (abs)        0000
__size_of_my_isr_routine       (abs)        0000
__size_of_randomNumber         (abs)        0000
__size_of_rollDice             (abs)        0000
__size_of_setPin               (abs)        0000
__size_of_shiftDisplays        (abs)        0000
__size_of_writeCharOnDisplay   (abs)        0000
_clearPin                      text3        05FF
_configBoard                   text16       0644
_deviceCurrentState            dataBANK0    006F
_deviceStateMachine            text6        002A
_diceState                     dataBANK0    006D
_indiceDisplay                 bssCOMMON    0074
_initButtons                   text5        073C
_initDisplay                   text4        0764
_main                          maintext     0133
_my_isr_routine                text17       0374
_nRABPU                        (abs)        040F
_randomNumber                  text9        051E
_randomSeed                    bssBANK0     0064
_readButtonStatus              dataBANK0    0068
_rollDice                      text7        02DA
_setPin                        text2        0689
_shiftDisplays                 text1        0707
_uiButtonDebounce              bssCOMMON    0070
_uiCounterms                   bssBANK0     0060
_writeCharOnDisplay            text8        0231
btemp                          (abs)        007E
clearPin@ucPin                 cstackBANK0  0023
clearPin@ucPort                cstackBANK0  0020
clear_ram0                     clrtext      078F
deviceStateMachine@ucButton    cstackBANK0  0053
end_of_initialization          cinit        0028
interrupt_function             intentry     0004
intlevel0                      functab      0000
intlevel1                      functab      0000
intlevel2                      functab      0000
intlevel3                      functab      0000
intlevel4                      functab      0000
intlevel5                      functab      0000
main@i                         cstackBANK1  00AA
reset_vec                      reset_vec    0000
rollDice@i                     cstackBANK0  004D
rollDice@ulTotal               cstackBANK0  004E
saved_w                        (abs)        007E
setPin@ucPin                   cstackBANK0  0023
setPin@ucPort                  cstackBANK0  0020
start                          init         000A
start_initialization           cinit        000B
writeCharOnDisplay@ucCharacter cstackBANK0  0048
writeCharOnDisplay@ucDisplay   cstackBANK0  0045
wtemp0                         (abs)        007E


MODULE INFORMATION

Module		Function		Class		Link	Load	Size
C:\Program Files\Microchip\xc8\v2.32\pic\sources\c90\common\Umul32.c
		___lmul        		CODE           	0571	0000	72

C:\Program Files\Microchip\xc8\v2.32\pic\sources\c90\common\Umul32.c estimated size: 72

C:\Program Files\Microchip\xc8\v2.32\pic\sources\c90\common\lwmod.c
		___lwmod       		CODE           	06CB	0000	60

C:\Program Files\Microchip\xc8\v2.32\pic\sources\c90\common\lwmod.c estimated size: 60

C:\Program Files\Microchip\xc8\v2.32\pic\sources\c90\common\awmod.c
		___awmod       		CODE           	046D	0000	91

C:\Program Files\Microchip\xc8\v2.32\pic\sources\c90\common\awmod.c estimated size: 91

C:\Program Files\Microchip\xc8\v2.32\pic\sources\c90\common\llmod.c
		___llmod       		CODE           	04C8	0000	86

C:\Program Files\Microchip\xc8\v2.32\pic\sources\c90\common\llmod.c estimated size: 86

shared
		__initialization		CODE           	000B	0000	29

shared estimated size: 29

utils.c
		_initDisplay   		CODE           	0764	0000	35
		_randomNumber  		CODE           	051E	0000	83
		_writeCharOnDisplay		CODE           	0231	0000	169
		_setPin        		CODE           	0689	0000	66
		_initButtons   		CODE           	073C	0000	40
		_clearPin      		CODE           	05FF	0000	69
		_rollDice      		CODE           	02DA	0000	154
		_shiftDisplays 		CODE           	0707	0000	53
		_deviceStateMachine		CODE           	002A	0000	265
		_configBoard   		CODE           	0644	0000	69

utils.c estimated size: 1003

C:\Program Files\Microchip\xc8\v2.32\pic\sources\c90\common\lwdiv.c
		___lwdiv       		CODE           	05B9	0000	70

C:\Program Files\Microchip\xc8\v2.32\pic\sources\c90\common\lwdiv.c estimated size: 70

C:\Program Files\Microchip\xc8\v2.32\pic\sources\c90\common\awdiv.c
		___awdiv       		CODE           	0404	0000	105

C:\Program Files\Microchip\xc8\v2.32\pic\sources\c90\common\awdiv.c estimated size: 105

main.c
		_main          		CODE           	0133	0000	254
		_my_isr_routine		CODE           	0374	0000	144

main.c estimated size: 398

